{
    "FAST_RESTART_ENABLE_TABLE|system": {
        "enable": "false"
    }
}